// Jest Snapshot v1, https://goo.gl/fbAQLP

exports[`Snapshot Tests should handle complex objects consistently 1`] = `
{
  "data": "complex test",
  "metadata": {
    "environment": "test",
    "version": "1.0.0",
  },
  "timestamp": "2025-08-07T15:42:29.626Z",
}
`;

exports[`Snapshot Tests should maintain consistent output format 1`] = `"snapshot test"`;
